npm warn exec The following package was not found and will be installed: http-server@14.1.1
npm warn deprecated whatwg-encoding@2.0.0: Use @exodus/bytes instead for a more spec-conformant and faster implementation
Starting up http-server, serving ./

http-server version: 14.1.1

http-server settings:
CORS: disabled
Cache: 3600 seconds
Connection Timeout: 120 seconds
Directory Listings: visible
AutoIndex: visible
Serve GZIP Files: false
Serve Brotli Files: false
Default File Extension: none

Available on:
  http://127.0.0.1:8080
  http://192.168.0.2:8080
Hit CTRL-C to stop the server

[2026-07-07T11:13:56.744Z]  "GET /robots.txt" "Google-Jules"
(node:70034) [DEP0066] DeprecationWarning: OutgoingMessage.prototype._headers is deprecated
(Use `node --trace-deprecation ...` to show where the warning was created)
[2026-07-07T11:13:56.748Z]  "GET /robots.txt" Error (404): "Not found"
[2026-07-07T11:14:02.008Z]  "GET /" "Lynx/2.9.0 libwww-FM/2.14 SSL-MM/1.4.1 GNUTLS/3.8.3"
[2026-07-07T11:14:09.767Z]  "GET /" "curl/8.5.0"
[2026-07-07T11:15:27.301Z]  "GET /" "Mozilla/5.0 (X11; Linux x86_64) AppleWebKit/537.36 (KHTML, like Gecko) HeadlessChrome/145.0.7632.6 Safari/537.36"
[2026-07-07T11:15:27.406Z]  "GET /styles/tailwind.css" "Mozilla/5.0 (X11; Linux x86_64) AppleWebKit/537.36 (KHTML, like Gecko) HeadlessChrome/145.0.7632.6 Safari/537.36"
[2026-07-07T11:15:27.514Z]  "GET /scripts/sidebarUX.js" "Mozilla/5.0 (X11; Linux x86_64) AppleWebKit/537.36 (KHTML, like Gecko) HeadlessChrome/145.0.7632.6 Safari/537.36"
[2026-07-07T11:15:27.898Z]  "GET /scripts/dverseClient.js" "Mozilla/5.0 (X11; Linux x86_64) AppleWebKit/537.36 (KHTML, like Gecko) HeadlessChrome/145.0.7632.6 Safari/537.36"
[2026-07-07T11:16:27.866Z]  "GET /" "Mozilla/5.0 (X11; Linux x86_64) AppleWebKit/537.36 (KHTML, like Gecko) HeadlessChrome/145.0.7632.6 Safari/537.36"
[2026-07-07T11:16:27.879Z]  "GET /styles/tailwind.css" "Mozilla/5.0 (X11; Linux x86_64) AppleWebKit/537.36 (KHTML, like Gecko) HeadlessChrome/145.0.7632.6 Safari/537.36"
[2026-07-07T11:16:27.888Z]  "GET /scripts/sidebarUX.js" "Mozilla/5.0 (X11; Linux x86_64) AppleWebKit/537.36 (KHTML, like Gecko) HeadlessChrome/145.0.7632.6 Safari/537.36"
[2026-07-07T11:16:27.960Z]  "GET /scripts/dverseClient.js" "Mozilla/5.0 (X11; Linux x86_64) AppleWebKit/537.36 (KHTML, like Gecko) HeadlessChrome/145.0.7632.6 Safari/537.36"
[2026-07-07T11:16:30.817Z]  "POST /api/search" "Mozilla/5.0 (X11; Linux x86_64) AppleWebKit/537.36 (KHTML, like Gecko) HeadlessChrome/145.0.7632.6 Safari/537.36"
[2026-07-07T11:16:30.818Z]  "POST /api/search" Error (404): "Not found"
[2026-07-07T11:16:30.845Z]  "POST /api/chat" "Mozilla/5.0 (X11; Linux x86_64) AppleWebKit/537.36 (KHTML, like Gecko) HeadlessChrome/145.0.7632.6 Safari/537.36"
[2026-07-07T11:16:30.846Z]  "POST /api/chat" Error (404): "Not found"
[2026-07-07T11:16:30.852Z]  "POST /api/chat" "Mozilla/5.0 (X11; Linux x86_64) AppleWebKit/537.36 (KHTML, like Gecko) HeadlessChrome/145.0.7632.6 Safari/537.36"
[2026-07-07T11:16:30.852Z]  "POST /api/chat" Error (404): "Not found"
